// Jest Snapshot v1, https://goo.gl/fbAQLP

exports[`renders correctly 1`] = `
<div
  className="menu-grid-item js-menu-grid-item"
>
  <div
    className="grid-item"
    itemScope=""
    itemType="https://schema.org/Product"
  >
    <meta
      content="Chili's"
      itemProp="brand"
    />
    <meta
      content="Appetizers"
      itemProp="category"
    />
    <meta
      content="https://static.olocdn.net/menu/chilis/a30644e222a6f6d261f13b5bf1f0b089.jpg"
      itemProp="image"
    />
    <div
      className="item-image-placeholder"
    />
    <a
      className="item-image b-lazy b-loaded"
      href="/item"
      id="menu-item-image-P101942"
      onClick={[Function]}
      style={
        Object {
          "backgroundImage": "url(\\"https://static.olocdn.net/menu/chilis/a30644e222a6f6d261f13b5bf1f0b089.jpg\\")",
        }
      }
      title="Triple Dipper™"
    >
      Triple Dipper™
    </a>
    <div
      className="item-body"
    >
      <a
        className="item-title js-item-title height-calculated"
        href="/item"
        id="menu-item-name-P101942"
        itemProp="url"
        onClick={[Function]}
        style={
          Object {
            "height": "25px",
          }
        }
      >
        <span
          itemProp="name"
        >
          Triple Dipper™
        </span>
      </a>
      <div
        className="item-description-wrapper"
      >
        <div
          className="item-description js-item-description height-calculated"
          style={
            Object {
              "height": "70px",
            }
          }
        >
          <span
            data-js-extra-max-height="3"
            itemProp="description"
            title="Why choose one when you can choose three? Select three appetizers and enjoy! Served with dipping sauces."
          >
            Why choose one when you can choose three? Select three appetizers and enjoy! Served with dipping sauces.
          </span>
        </div>
      </div>
      <a
        className="btn slim btn-menu-item"
        href="/item"
        id="menu-item-button-P101942"
        onClick={[Function]}
      >
        Order
      </a>
    </div>
  </div>
</div>
`;
