// Jest Snapshot v1, https://goo.gl/fbAQLP

exports[`renders correctly 1`] = `
<div
  className="row menu-fact-sheets"
>
  <div
    className="fact-sheets-separator"
  />
  <div
    className="col8 fact-sheets"
    id="fact-sheets"
  >
    <label>
      Download Fact Sheets
    </label>
    <a
      className="fact-sheet-link"
      href="/media/docs/chilis-allergen-vegetarian-generic"
      id="menu-fact-allergen"
      rel="noopener"
      target="_blank"
    >
      Allergen/Vegetarian,
    </a>
    <a
      className="fact-sheet-link"
      href="/media/docs/chilis-nutrition-menu-generic"
      id="menu-fact-nutrition"
      rel="noopener"
      target="_blank"
    >
      Nutrition,
    </a>
    <a
      className="fact-sheet-link"
      href="/gluten-friendly-menu"
      id="menu-fact-gluten"
      rel="noopener"
    >
      Gluten-Friendly Menu
    </a>
  </div>
  <div
    className="col4 center"
  >
    <a
      className="btn slim tertiary outline back-to-top-btn"
      id="menu-back-to-top"
    >
      <span>
        Back To Top
      </span>
       
      <span
        className="caret-up"
      />
    </a>
  </div>
</div>
`;
