// Jest Snapshot v1, https://goo.gl/fbAQLP

exports[`renders correctly 1`] = `
<div
  className="row"
  id="pattern-library-item-detail"
>
  <div
    className="col6 detail-image-col"
  >
    <div
      className="detail-image"
    >
      <img
        alt="Queso Burger*"
        data-pagespeed-url-hash="3442366608"
        src="https://static.olocdn.net/menu/chilis/256be45b60d5065fb021093417373988.jpg"
        title="Queso Burger*"
      />
    </div>
  </div>
  <div
    className="col6 detail-info-col"
  >
    <div
      className="breadcrumbs row"
      itemScope=""
      itemType="http://schema.org/BreadcrumbList"
    >
      <div
        className="col12"
      >
        <span
          itemProp="itemListElement"
          itemScope=""
          itemType="http://schema.org/ListItem"
        >
          <span
            itemProp="item"
            itemScope=""
            itemType="http://schema.org/Thing"
          >
            <a
              content="Menu"
              href="/menu"
              itemProp="name"
            >
              Menu
            </a>
            <meta
              content="/menu"
              itemProp="url"
            />
          </span>
          <meta
            content="1"
            itemProp="position"
          />
        </span>
        <span
          className="arrow"
        >
          ›
        </span>
        <span
          itemProp="itemListElement"
          itemScope=""
          itemType="http://schema.org/ListItem"
        >
          <span
            itemProp="item"
            itemScope=""
            itemType="http://schema.org/Thing"
          >
            <a
              content="Big Mouth Burgers®"
              href="/menu/big-mouth-burgers"
              itemProp="name"
            >
              Big Mouth Burgers®
            </a>
            <meta
              content="/menu/big-mouth-burgers"
              itemProp="url"
            />
          </span>
          <meta
            content="2"
            itemProp="position"
          />
        </span>
        <span
          className="arrow"
        >
          ›
        </span>
        <span
          itemProp="itemListElement"
          itemScope=""
          itemType="http://schema.org/ListItem"
        >
          <span
            itemProp="item"
            itemScope=""
            itemType="http://schema.org/Thing"
          >
            <strong
              itemProp="name"
            >
              Ndolè Poisson Braisé
            </strong>
            <meta
              content="/menu/big-mouth-burgers/queso-burger"
              itemProp="url"
            />
          </span>
          <meta
            content="3"
            itemProp="position"
          />
        </span>
      </div>
    </div>
    <h1
      className="detail-title"
    >
      Ndolè Poisson Braisé
    </h1>
    <div
      className="detail-description"
    >
      <span>
        Say “cheese!” This half-pound patty comes smothered in white queso, crunchy tortilla strips & pico.
      </span>
    </div>
    <input
      id="customize-item-flag"
      type="hidden"
      value="false"
    />
  </div>
  <div
    className="col6 detail-spacer-col"
  />
  <div
    className="col6 detail-restaurant-select-col"
  >
    <form
      className="restaurant-selection-form"
      id="select-locations-form"
    >
      <label>
        Order at your Chili's
      </label>
      <div
        className="row"
      >
        <div
          className="col12 location-search-form-container"
        >
          <div
            className="row"
          >
            <div
              className="col12 search-text-field-container"
            >
              <div
                className="form-group"
              >
                <div
                  className="input-group"
                >
                  <span
                    className="algolia-autocomplete"
                    style={
                      Object {
                        "direction": "ltr",
                        "display": "table-cell",
                        "position": "relative",
                      }
                    }
                  >
                    <input
                      aria-hidden="true"
                      autoComplete="off"
                      className="form-control location-search-input js-location-search-input aa-hint"
                      data-parsley-errors-messages-disabled="true"
                      readOnly=""
                      spellCheck="false"
                      style={
                        Object {
                          "background": "none 0% 0% / auto repeat scroll padding-box border-box rgb(255, 255, 255)",
                          "borderColor": "transparent",
                          "boxShadow": "none",
                          "left": "0px",
                          "opacity": "1",
                          "position": "absolute",
                          "top": "0px",
                        }
                      }
                      tabIndex="-1"
                      title="Enter a City, State or ZIP and search for a Chili's near you!"
                      type="search"
                    />
                    <input
                      aria-autocomplete="both"
                      aria-expanded="false"
                      aria-owns="algolia-autocomplete-listbox-0"
                      autoComplete="off"
                      className="form-control location-search-input js-location-search-input aa-input"
                      data-parsley-errors-messages-disabled="true"
                      dir="auto"
                      id="location-search"
                      name="query"
                      placeholder="Search by City, State, ZIP OR Delivery Address"
                      required="required"
                      role="combobox"
                      spellCheck="false"
                      style={
                        Object {
                          "backgroundColor": "transparent",
                          "position": "relative",
                          "verticalAlign": "top",
                        }
                      }
                      title="Enter a City, State or ZIP and search for a Chili's near you!"
                      type="search"
                    />
                    <pre
                      aria-hidden="true"
                      style={
                        Object {
                          "fontFamily": "Barlow Condensed, sans-serif",
                          "fontSize": "16px",
                          "fontStyle": "normal",
                          "fontVariant": "normal",
                          "fontWeight": "400",
                          "letterSpacing": "0px",
                          "position": "absolute",
                          "textIndent": "0px",
                          "textRendering": "auto",
                          "textTransform": "none",
                          "visibility": "hidden",
                          "whiteSpace": "pre",
                          "wordSpacing": "0px",
                        }
                      }
                    />
                    <span
                      className="aa-dropdown-menu"
                      id="algolia-autocomplete-listbox-0"
                      role="listbox"
                      style={
                        Object {
                          "display": "none",
                          "left": "0px",
                          "position": "absolute",
                          "right": "auto",
                          "top": "100%",
                          "zIndex": "100",
                        }
                      }
                    >
                      <div
                        className="aa-dataset-1"
                      />
                    </span>
                  </span>
                  <span
                    className="input-group-btn"
                  >
                    <button
                      aria-label="Search"
                      className="btn search-button-query input-group-btn-inline disabled-fake js-location-search-submit"
                      id="button-location-query"
                      title="Search"
                      type="submit"
                      validate="true"
                    >
                      <span
                        className="icon-search-location"
                      />
                    </button>
                  </span>
                </div>
              </div>
            </div>
          </div>
          <div
            className="row js-geolocate-row"
          >
            <div
              className="col12 center geolocate-col"
            >
              <div
                className="or-text"
              >
                - or -
              </div>
              <button
                className="btn disabled-fake search-button-geolocate js-geolocate"
                id="button-location-geolocate"
              >
                <span>
                  Use
                </span>
                 
                <span
                  className="hide-xxs"
                >
                  My
                </span>
                <span
                  className="text-before-icon"
                >
                  Current Location
                </span>
                <span
                  className="icon-current-location"
                />
              </button>
            </div>
          </div>
          <div
            className="row"
          >
            <div
              className="col12"
            >
              <div
                className="search-errors"
                id="location-search-form-errors"
              />
            </div>
          </div>
        </div>
      </div>
      <div
        className="location-search-results-container"
      >
        <select
          className="form-control location-search-results animated fadeIn js-location-search-results"
          data-parsley-required-message="Please enter a City, State or ZIP code and select a location"
          disabled="disabled"
          id="store-number"
          name="storeNumber"
          required="required"
          title="Select a Chili's Location"
        >
          <option
            data-default="true"
            value=""
          >
            --Select a Chili's Location--
          </option>
        </select>
        <div
          className="location-search-results-errors js-location-search-results-errors"
        />
      </div>
      <input
        className="js-location-lat"
        type="hidden"
      />
      <input
        className="js-location-lng"
        type="hidden"
      />
      <input
        className="js-location-address"
        type="hidden"
      />
      <input
        className="js-location-address2"
        type="hidden"
      />
      <input
        className="js-location-state"
        type="hidden"
      />
      <input
        className="js-location-city"
        type="hidden"
      />
      <input
        className="js-location-zipcode"
        type="hidden"
      />
      <div
        className="location-not-enabled js-location-not-enabled"
        data-call-default="Please call to place an order at this location."
        data-call-template="Please call <a href='tel:{0}'>{1}</a> to place an order at this location."
        style={
          Object {
            "display": "none",
          }
        }
      />
      <button
        className="btn select-location-btn js-select-location-btn animated fadeIn"
        data-alt="Selecting Location…"
        data-categoryname="big-mouth-burgers"
        data-itemname="queso-burger"
        type="submit"
      >
        Select this Chili's
      </button>
    </form>
  </div>
</div>
`;
