// Jest Snapshot v1, https://goo.gl/fbAQLP

exports[`renders correctly 1`] = `
<div
  className="breadcrumbs row"
  itemScope=""
  itemType="http://schema.org/BreadcrumbList"
>
  <div
    className="col12"
  >
    <span
      itemProp="itemListElement"
      itemScope=""
      itemType="http://schema.org/ListItem"
    >
      <span
        itemProp="item"
        itemScope=""
        itemType="http://schema.org/Thing"
      >
        <a
          content="Menu"
          href="/menu"
          itemProp="name"
        >
          Menu
        </a>
        <meta
          content="/menu"
          itemProp="url"
        />
      </span>
      <meta
        content="1"
        itemProp="position"
      />
    </span>
    <span
      className="arrow"
    >
      ›
    </span>
    <span
      itemProp="itemListElement"
      itemScope=""
      itemType="http://schema.org/ListItem"
    >
      <span
        itemProp="item"
        itemScope=""
        itemType="http://schema.org/Thing"
      >
        <a
          content="Big Mouth Burgers®"
          href="/menu/big-mouth-burgers"
          itemProp="name"
        >
          Big Mouth Burgers®
        </a>
        <meta
          content="/menu/big-mouth-burgers"
          itemProp="url"
        />
      </span>
      <meta
        content="2"
        itemProp="position"
      />
    </span>
    <span
      className="arrow"
    >
      ›
    </span>
    <span
      itemProp="itemListElement"
      itemScope=""
      itemType="http://schema.org/ListItem"
    >
      <span
        itemProp="item"
        itemScope=""
        itemType="http://schema.org/Thing"
      >
        <strong
          itemProp="name"
        >
          Queso Burger*
        </strong>
        <meta
          content="/menu/big-mouth-burgers/queso-burger"
          itemProp="url"
        />
      </span>
      <meta
        content="3"
        itemProp="position"
      />
    </span>
  </div>
</div>
`;
